
sshkeygen


git log --all --online --graph

git commit -a -m "Improved Implementation"



akasper@Mac ~/myproject% clear
This is my amazing project.
akasper@Mac ~/myproject% git init
Reinitialized existing Git repository in /Users/akasper/myproject/.git/
akasper@Mac ~/myproject% git status
On branch main

No commits yet

nothing to commit (create/copy files and use "git add" to track)
akasper@Mac ~/myproject% ls -la
total 0
drwxr-xr-x@  3 akasper  staff    96 24 Sep 14:35 .
drwxr-x---+ 56 akasper  staff  1792 24 Sep 14:33 ..
drwxr-xr-x@  9 akasper  staff   288 24 Sep 14:35 .git
akasper@Mac ~/myproject% touch README.md
akasper@Mac ~/myproject% vim README.md
akasper@Mac ~/myproject% git status
On branch main

No commits yet

Untracked files:
  (use "git add <file>..." to include in what will be committed)
	README.md

nothing added to commit but untracked files present (use "git add" to track)
akasper@Mac ~/myproject% git add README.md
akasper@Mac ~/myproject% git status
On branch main

No commits yet

Changes to be committed:
  (use "git rm --cached <file>..." to unstage)
	new file:   README.md

akasper@Mac ~/myproject% git commit -m "First commit"
[main (root-commit) 282ff59] First commit
 1 file changed, 1 insertion(+)
 create mode 100644 README.md
akasper@Mac ~/myproject% git log
commit 282ff59410eabf384708f9d875e1358c2216f31b (HEAD -> main)
Author: Sasha Kasper <acasper@student.42berlin.de>
Date:   Wed Sep 24 14:49:25 2025 +0200

    First commit
akasper@Mac ~/myproject% git show
commit dc00511de3b57d26b8559abe03aee52e919c2829 (HEAD -> main)
Author: Sasha Kasper <acasper@student.42berlin.de>
Date:   Wed Sep 24 14:59:08 2025 +0200

    Added more ddetails to readme

diff --git a/README.md b/README.md
index 4d1c98e..91daee5 100644
--- a/README.md
+++ b/README.md
@@ -1 +1,3 @@
 This is my amazing project.
+
+This was changed to show how to use git.

akasper@Mac ~/myproject% git log --all --oneline --graph
* dc00511 (HEAD -> main) Added more ddetails to readme
* 282ff59 First commit
akasper@Mac ~/myproject% git branch add-main
akasper@Mac ~/myproject% git log --all --oneline --graph
* dc00511 (HEAD -> main, add-main) Added more ddetails to readme
* 282ff59 First commit
akasper@Mac ~/myproject% git checkout add-main
Switched to branch 'add-main'
akasper@Mac ~/myproject% git checkout -b new-feature
Switched to a new branch 'new-feature'
akasper@Mac ~/myproject% git log --all --oneline --graph
* dc00511 (HEAD -> new-feature, main, add-main) Added more ddetails to readme
* 282ff59 First commit
akasper@Mac ~/myproject% git checkout -d add-main
HEAD is now at dc00511 Added more ddetails to readme

akasper@Mac ~/myproject% git checkout -b add-main
fatal: a branch named 'add-main' already exists
akasper@Mac ~/myproject% git log --all --oneline --graph
* ea51b9f (HEAD) First draft of my code
* dc00511 (new-feature, main, add-main) Added more ddetails to readme
* 282ff59 First commit
akasper@Mac ~/myproject% git branch -d add-main
Deleted branch add-main (was dc00511).
akasper@Mac ~/myproject% git branch -d new-feature
Deleted branch new-feature (was dc00511).
akasper@Mac ~/myproject% git log --all --oneline --graph
* ea51b9f (HEAD) First draft of my code
* dc00511 (main) Added more ddetails to readme
* 282ff59 First commit
akasper@Mac ~/myproject% git branch new-feature
akasper@Mac ~/myproject% git log --all --oneline --graph
* ea51b9f (HEAD, new-feature) First draft of my code
* dc00511 (main) Added more ddetails to readme
* 282ff59 First commit
akasper@Mac ~/myproject% git checkout new-feature
Switched to branch 'new-feature'
akasper@Mac ~/myproject% git log --all --oneline --graph
* ea51b9f (HEAD -> new-feature) First draft of my code
* dc00511 (main) Added more ddetails to readme
* 282ff59 First commit
akasper@Mac ~/myproject% git checkout main
Switched to branch 'main'
akasper@Mac ~/myproject% vim README.md
akasper@Mac ~/myproject% git add .
akasper@Mac ~/myproject% git commit -m "added some meows"
[main d2cd747] added some meows
 1 file changed, 1 insertion(+)
akasper@Mac ~/myproject% git log --all --oneline --graph
* d2cd747 (HEAD -> main) added some meows
| * ea51b9f (new-feature) First draft of my code
|/
* dc00511 Added more ddetails to readme
* 282ff59 First commit
akasper@Mac ~/myproject% git merge new-feature
Merge made by the 'ort' strategy.
 main.py | 10 ++++++++++
 1 file changed, 10 insertions(+)
 create mode 100644 main.py
akasper@Mac ~/myproject% git checkout -b add-typing
Switched to a new branch 'add-typing'
akasper@Mac ~/myproject% git log --all --oneline --graph
*   5732ce9 (HEAD -> add-typing, main) Merge branch 'new-feature'
|\
| * ea51b9f (new-feature) First draft of my code
* | d2cd747 added some meows
|/
* dc00511 Added more ddetails to readme
* 282ff59 First commit
akasper@Mac ~/myproject% ls -l
total 16
-rw-r--r--@ 1 akasper  staff  119 24 Sep 15:42 main.py
-rw-r--r--@ 1 akasper  staff   79 24 Sep 15:40 README.md
akasper@Mac ~/myproject% vim main.py
akasper@Mac ~/myproject% git add main.py
akasper@Mac ~/myproject% git commit -m "added typing"
[add-typing ae2af3a] added typing
 1 file changed, 3 insertions(+), 4 deletions(-)
akasper@Mac ~/myproject% git log --all --oneline --graph
* ae2af3a (HEAD -> add-typing) added typing
*   5732ce9 (main) Merge branch 'new-feature'
|\
| * ea51b9f (new-feature) First draft of my code
* | d2cd747 added some meows
|/
* dc00511 Added more ddetails to readme
* 282ff59 First commit
akasper@Mac ~/myproject% vim main.py
akasper@Mac ~/myproject% git checkout -b improve-implementation
Switched to a new branch 'improve-implementation'
akasper@Mac ~/myproject% vim main.py
akasper@Mac ~/myproject% git log --all --oneline --graph
* ae2af3a (HEAD -> improve-implementation, add-typing) added typing
*   5732ce9 (main) Merge branch 'new-feature'
|\
| * ea51b9f (new-feature) First draft of my code
* | d2cd747 added some meows
|/
* dc00511 Added more ddetails to readme
* 282ff59 First commit
akasper@Mac ~/myproject% git status
On branch improve-implementation
Changes not staged for commit:
  (use "git add <file>..." to update what will be committed)
  (use "git restore <file>..." to discard changes in working directory)
	modified:   main.py

no changes added to commit (use "git add" and/or "git commit -a")
akasper@Mac ~/myproject% git add main.py
akasper@Mac ~/myproject% git commit -a -m "Improved Implementation"
[improve-implementation 64aa03d] Improved Implementation
 1 file changed, 6 insertions(+), 4 deletions(-)

